// Jest Snapshot v1, https://goo.gl/fbAQLP

exports[`with dive should render correctly 1`] = `
<div>
  <MyCheckbox
    isChecked={false}
    onChange={[Function]}
  />
  <MyButton
    onClick={[Function]}
  />
  <label>
    Off
  </label>
</div>
`;

exports[`without dive should render correctly without dive() 1`] = `
<div>
  <MyCheckbox
    isChecked={false}
    onChange={[Function]}
  />
  <MyButton
    onClick={[Function]}
  />
  <label>
    Off
  </label>
</div>
`;
