// Jest Snapshot v1, https://goo.gl/fbAQLP

exports[`using react-test-renderer can't re-mock, once it's done, it's done 1`] = `
<div>
  <label>
    <input
      checked={false}
      onChange={[Function]}
      type="checkbox"
    />
    Off
  </label>
  <My-Fancy-Button
    onClick={[Function]}
  />
</div>
`;

exports[`using react-test-renderer re-mock 1`] = `
<div>
  <label>
    <input
      checked={false}
      onChange={[Function]}
      type="checkbox"
    />
    Off
  </label>
  <My-Fancy-Button
    onClick={[Function]}
  />
</div>
`;

exports[`using react-test-renderer testRenderer 1`] = `
<div>
  <label>
    <input
      checked={false}
      onChange={[Function]}
      type="checkbox"
    />
    Off
  </label>
  <My-Fancy-Button
    onClick={[Function]}
  />
</div>
`;
