// Jest Snapshot v1, https://goo.gl/fbAQLP

exports[`using react-test-renderer testRenderer 1`] = `
<div>
  <label>
    <input
      checked={false}
      onChange={[Function]}
      type="checkbox"
    />
    Off
  </label>
  <div>
    <button
      onClick={[Function]}
    >
      click me!
    </button>
  </div>
</div>
`;
